[templatekit.jegtheme.com/shuttle/index.html]
[templatekit.jegtheme.com/shuttle/xmlrpc.php]
[backblue.gif]
[fade.gif]
[index.html]
[templatekit.jegtheme.com/shuttle/wp-content/plugins/jeg-elementor-kit/assets/css/elements/main61da.css]
[templatekit.jegtheme.com/shuttle/wp-includes/css/dist/block-library/style.minaec2.css]
[templatekit.jegtheme.com/shuttle/wp-content/plugins/allow-webp-image/public/css/allow-webp-image-publicf269.css]
[templatekit.jegtheme.com/shuttle/comments/feed/index.html]
[templatekit.jegtheme.com/shuttle/feed/index.html]
[templatekit.jegtheme.com/shuttle/wp-content/plugins/template-kit-export/public/assets/css/template-kit-export-public.min365c.css]
[templatekit.jegtheme.com/shuttle/wp-content/plugins/elementor/assets/lib/eicons/css/elementor-icons.min192d.css]
[templatekit.jegtheme.com/shuttle/wp-content/plugins/elementor/assets/css/frontend-lite.min8864.css]
[templatekit.jegtheme.com/shuttle/wp-content/plugins/elementor/assets/lib/swiper/css/swiper.min48f5.css]
[templatekit.jegtheme.com/shuttle/wp-content/uploads/sites/300/elementor/css/post-366c6.css]
[templatekit.jegtheme.com/shuttle/wp-content/uploads/sites/300/elementor/css/global50ca.css]
[templatekit.jegtheme.com/shuttle/wp-content/uploads/sites/300/elementor/css/post-607f8.css]
[templatekit.jegtheme.com/shuttle/wp-content/plugins/elementor/assets/lib/font-awesome/css/all.min8864.css]
[templatekit.jegtheme.com/shuttle/wp-content/plugins/elementor/assets/lib/font-awesome/css/v4-shims.min8864.css]
[templatekit.jegtheme.com/shuttle/wp-content/plugins/metform/public/assets/css/text-editor9e95.css]
[templatekit.jegtheme.com/shuttle/wp-content/themes/hello-elementor/style.minc141.css]
[templatekit.jegtheme.com/shuttle/wp-content/themes/hello-elementor/theme.minc141.css]
[templatekit.jegtheme.com/shuttle/wp-content/plugins/jeg-elementor-kit/assets/fonts/jkiticon/jkiticon61da.css]
[templatekit.jegtheme.com/shuttle/wp-content/plugins/elementor/assets/lib/font-awesome/css/fontawesome.min52d5.css]
[templatekit.jegtheme.com/shuttle/wp-content/plugins/elementor/assets/lib/font-awesome/css/solid.min52d5.css]
[templatekit.jegtheme.com/shuttle/wp-includes/js/jquery/jquery.minf43b.js]
[templatekit.jegtheme.com/shuttle/wp-includes/js/jquery/jquery-migrate.min5589.js]
[templatekit.jegtheme.com/shuttle/wp-content/plugins/allow-webp-image/public/js/allow-webp-image-publicf269.js]
[templatekit.jegtheme.com/shuttle/wp-content/plugins/template-kit-export/public/assets/js/template-kit-export-public.min365c.js]
[templatekit.jegtheme.com/shuttle/wp-content/plugins/elementor/assets/lib/font-awesome/js/v4-shims.min8864.js]
[templatekit.jegtheme.com/shuttle/wp-json/index.html]
[templatekit.jegtheme.com/shuttle/wp-json/wp/v2/pages/6.json]
[templatekit.jegtheme.com/shuttle/xmlrpc0db0.php]
[templatekit.jegtheme.com/shuttle/wp-json/oembed/1.0/embed8a4f.json]
[templatekit.jegtheme.com/shuttle/wp-json/oembed/1.0/embed9add]
[templatekit.jegtheme.com/shuttle/wp-content/uploads/sites/300/2022/06/bg-white.png]
[templatekit.jegtheme.com/shuttle/wp-content/uploads/sites/300/2022/06/logo-black-new.png]
[templatekit.jegtheme.com/shuttle/wp-content/plugins/elementor/assets/css/widget-icon-list.min.css]
[templatekit.jegtheme.com/shuttle/wp-content/uploads/sites/300/elementor/thumbs/the-girls-enter-the-doors-of-a-blue-bus-that-has-arrived-at-the-bus-stop--e1656575414346-pr2ezsmmrawcmkiwtv7o9n2a7ydrrpmhfdv79k8qho.jpg]
[templatekit.jegtheme.com/shuttle/wp-content/uploads/sites/300/2022/06/update-mockup.png]
[templatekit.jegtheme.com/pertaev/wp-content/uploads/sites/220/2021/12/app-store-1.png]
[templatekit.jegtheme.com/shuttle/about-us/index.html]
[templatekit.jegtheme.com/pertaev/wp-content/uploads/sites/220/2021/12/google-play-1.png]
[templatekit.jegtheme.com/shuttle/services/index.html]
[templatekit.jegtheme.com/shuttle/our-bus/index.html]
[templatekit.jegtheme.com/shuttle/team/index.html]
[templatekit.jegtheme.com/shuttle/faq/index.html]
[templatekit.jegtheme.com/shuttle/wp-content/uploads/sites/300/2022/06/bus-image4-1024x691.jpg]
[templatekit.jegtheme.com/shuttle/bus-detail/index.html]
[templatekit.jegtheme.com/shuttle/wp-content/uploads/sites/300/2022/06/bus-image2-1024x691.jpg]
[templatekit.jegtheme.com/shuttle/404-page/index.html]
[templatekit.jegtheme.com/shuttle/blog/index.html]
[templatekit.jegtheme.com/shuttle/contact-us/index.html]
[templatekit.jegtheme.com/shuttle/wp-content/uploads/sites/300/2022/06/bus-image1-1024x691.jpg]
[templatekit.jegtheme.com/shuttle/2022/06/23/your-guide-to-rent-a-bus/index.html]
[templatekit.jegtheme.com/shuttle/wp-content/uploads/sites/300/elementor/thumbs/man-wearing-a-protective-mask-and-using-a-smartphone-while-keeping-the-distance-in-the-bus-e1656575430517-pr2f07o1sngdbqks1z18uffnc9vfwzb07yt4]
[templatekit.jegtheme.com/shuttle/wp-content/uploads/sites/300/2022/06/image-D2C59FF-150x150.jpg]
[templatekit.jegtheme.com/shuttle/wp-content/uploads/sites/300/2022/06/image-UDE7RNW-150x150.jpg]
[templatekit.jegtheme.com/shuttle/wp-content/uploads/sites/300/2022/06/image-BYJDCJU-150x150.jpg]
[templatekit.jegtheme.com/shuttle/wp-content/uploads/sites/300/2022/06/image-4SYRQ95-150x150.jpg]
[templatekit.jegtheme.com/shuttle/wp-content/uploads/sites/300/2022/06/portrait-of-smiling-bus-driver.jpg]
[templatekit.jegtheme.com/shuttle/wp-content/uploads/sites/300/2022/06/london-s-red-buses-in-station-bus-of-the-public-transport.jpg]
[templatekit.jegtheme.com/shuttle/wp-content/uploads/sites/300/2022/06/happy-girl-passenger-holding-smartphone-under-tablet-of-young-female-bus-conductor.jpg]
[templatekit.jegtheme.com/shuttle/wp-content/uploads/sites/300/2022/06/logo-white-new.png]
[templatekit.jegtheme.com/shuttle/category/tips-trick/index.html]
[templatekit.jegtheme.com/shuttle/2022/06/23/calculate-the-cost-of-rent-a-bus/index.html]
[templatekit.jegtheme.com/shuttle/2022/06/23/new-bus-type-volvo-403/index.html]
[templatekit.jegtheme.com/shuttle/category/buses/index.html]
[templatekit.jegtheme.com/shuttle/wp-content/uploads/sites/300/elementor/css/post-2450ca.css]
[templatekit.jegtheme.com/shuttle/category/insight/index.html]
[templatekit.jegtheme.com/shuttle/wp-content/plugins/jeg-elementor-kit/assets/js/sweetalert2/sweetalert2.min430c.css]
[templatekit.jegtheme.com/shuttle/wp-content/uploads/sites/300/elementor/css/post-749d01.css]
[templatekit.jegtheme.com/shuttle/wp-content/plugins/metform/public/assets/css/flatpickr.min9e95.css]
[templatekit.jegtheme.com/shuttle/wp-content/plugins/metform/public/assets/css/metform-ui9e95.css]
[templatekit.jegtheme.com/shuttle/wp-content/plugins/metform/public/assets/css/style9e95.css]
[templatekit.jegtheme.com/shuttle/wp-content/plugins/jeg-elementor-kit/assets/js/tiny-slider/tiny-sliderf342.css]
[templatekit.jegtheme.com/shuttle/wp-content/uploads/sites/300/elementor/css/post-2650ca.css]
[templatekit.jegtheme.com/shuttle/wp-content/plugins/elementor/assets/lib/font-awesome/css/brands.min52d5.css]
[templatekit.jegtheme.com/shuttle/wp-content/plugins/elementor/assets/lib/animations/animations.min8864.css]
[templatekit.jegtheme.com/shuttle/wp-content/themes/hello-elementor/assets/js/hello-frontend.min8a54.js]
[templatekit.jegtheme.com/shuttle/wp-content/plugins/elementor/assets/js/webpack.runtime.min8864.js]
[templatekit.jegtheme.com/shuttle/wp-content/plugins/elementor/assets/js/frontend-modules.min8864.js]
[templatekit.jegtheme.com/shuttle/wp-content/plugins/elementor/assets/lib/waypoints/waypoints.min05da.js]
[templatekit.jegtheme.com/shuttle/wp-includes/js/jquery/ui/core.min3f14.js]
[templatekit.jegtheme.com/shuttle/wp-content/plugins/elementor/assets/js/frontend.min8864.js]
[templatekit.jegtheme.com/shuttle/wp-content/plugins/jeg-elementor-kit/assets/js/elements/sticky-element61da.js]
[templatekit.jegtheme.com/shuttle/indexe2f2.html]
[templatekit.jegtheme.com/shuttle/wp-content/plugins/jeg-elementor-kit/assets/js/elements/nav-menu61da.js]
[templatekit.jegtheme.com/shuttle/wp-content/plugins/jeg-elementor-kit/assets/js/elements/video-button61da.js]
[templatekit.jegtheme.com/shuttle/wp-content/plugins/jeg-elementor-kit/assets/js/sweetalert2/sweetalert2.min430c.js]
[templatekit.jegtheme.com/shuttle/wp-content/plugins/metform/public/assets/js/htm9e95.js]
[templatekit.jegtheme.com/shuttle/wp-includes/js/dist/vendor/wp-polyfill-inert.min0226.js]
[templatekit.jegtheme.com/shuttle/wp-includes/js/dist/vendor/regenerator-runtime.min6c85.js]
[templatekit.jegtheme.com/shuttle/wp-includes/js/dist/vendor/wp-polyfill.min2c7c.js]
[templatekit.jegtheme.com/shuttle/wp-includes/js/dist/vendor/react.min7a3b.js]
[templatekit.jegtheme.com/shuttle/wp-includes/js/dist/vendor/react-dom.min7a3b.js]
[templatekit.jegtheme.com/shuttle/wp-includes/js/dist/escape-html.min0311.js]
[templatekit.jegtheme.com/shuttle/wp-includes/js/dist/element.min0eb1.js]
[templatekit.jegtheme.com/shuttle/wp-content/plugins/metform/public/assets/js/app9e95.js]
[templatekit.jegtheme.com/shuttle/wp-content/plugins/jeg-elementor-kit/assets/js/elements/fun-fact61da.js]
[templatekit.jegtheme.com/shuttle/wp-content/plugins/jeg-elementor-kit/assets/js/elements/testimonials61da.js]
[templatekit.jegtheme.com/shuttle/wp-content/plugins/jeg-elementor-kit/assets/js/tiny-slider/tiny-sliderf342.js]
[templatekit.jegtheme.com/shuttle/wp-content/plugins/jeg-elementor-kit/assets/js/elements/post-pagination61da.js]
[templatekit.jegtheme.com/shuttle/wp-content/plugins/jeg-elementor-kit/assets/js/elements/mailchimp61da.js]
[templatekit.jegtheme.com/shuttle/index.html]
[templatekit.jegtheme.com/shuttle/xmlrpc.html]
[templatekit.jegtheme.com/shuttle/wp-content/plugins/jeg-elementor-kit/assets/img/letter-x.svg]
[templatekit.jegtheme.com/shuttle/wp-content/plugins/jeg-elementor-kit/assets/css/elements/main61da.css]
[templatekit.jegtheme.com/shuttle/wp-includes/css/dist/block-library/style.minaec2.css]
[templatekit.jegtheme.com/shuttle/wp-content/plugins/allow-webp-image/public/css/allow-webp-image-publicf269.css]
[templatekit.jegtheme.com/shuttle/wp-content/plugins/template-kit-export/public/assets/css/template-kit-export-public.min365c.css]
[templatekit.jegtheme.com/shuttle/wp-content/plugins/elementor/assets/lib/eicons/fonts/eicons9506.eot]
[templatekit.jegtheme.com/shuttle/wp-content/plugins/elementor/assets/lib/eicons/fonts/eicons9506.woff2]
[templatekit.jegtheme.com/shuttle/wp-content/plugins/elementor/assets/lib/eicons/fonts/eicons9506.woff]
[templatekit.jegtheme.com/shuttle/wp-content/plugins/elementor/assets/lib/eicons/fonts/eicons9506.ttf]
[templatekit.jegtheme.com/shuttle/wp-content/plugins/elementor/assets/lib/eicons/css/elementor-icons.min192d.css]
[templatekit.jegtheme.com/shuttle/wp-content/plugins/elementor/assets/css/frontend-lite.min8864.css]
[templatekit.jegtheme.com/shuttle/wp-content/plugins/elementor/assets/lib/swiper/css/swiper.min48f5.css]
[templatekit.jegtheme.com/shuttle/wp-content/uploads/sites/300/elementor/css/post-366c6.css]
[templatekit.jegtheme.com/shuttle/wp-content/uploads/sites/300/elementor/css/global50ca.css]
[templatekit.jegtheme.com/shuttle/wp-content/plugins/elementor/assets/lib/eicons/fonts/eicons9506.svg]
[templatekit.jegtheme.com/shuttle/wp-content/uploads/sites/300/2022/06/image-7ccqBRt94dA-unsplash.jpg]
[templatekit.jegtheme.com/shuttle/wp-content/uploads/sites/300/2022/06/traveling-by-bus-e1656575483798.jpg]
[templatekit.jegtheme.com/shuttle/wp-content/uploads/sites/300/2022/06/woman-holding-digital-camera-and-looking-away-with-mixed-race-man-holding-map-near-travel-bus-e1656575448625.jpg]
[templatekit.jegtheme.com/shuttle/wp-content/uploads/sites/300/elementor/css/post-607f8.css]
[templatekit.jegtheme.com/shuttle/wp-content/uploads/sites/300/2022/06/young-couple-traveling-on-a-bus-e1656574261102.jpg]
[templatekit.jegtheme.com/shuttle/wp-content/plugins/elementor/assets/lib/font-awesome/webfonts/fa-brands-400.eot]
[templatekit.jegtheme.com/shuttle/wp-content/plugins/elementor/assets/lib/font-awesome/webfonts/fa-brands-400d41d.eot]
[templatekit.jegtheme.com/shuttle/wp-content/plugins/elementor/assets/lib/font-awesome/webfonts/fa-brands-400.woff2]
[templatekit.jegtheme.com/shuttle/wp-content/plugins/elementor/assets/lib/font-awesome/webfonts/fa-brands-400.woff]
[templatekit.jegtheme.com/shuttle/wp-content/plugins/elementor/assets/lib/font-awesome/webfonts/fa-brands-400.ttf]
[templatekit.jegtheme.com/shuttle/wp-content/plugins/elementor/assets/lib/font-awesome/webfonts/fa-brands-400.svg]
[templatekit.jegtheme.com/shuttle/wp-content/plugins/elementor/assets/lib/font-awesome/webfonts/fa-regular-400.eot]
[templatekit.jegtheme.com/shuttle/wp-content/plugins/elementor/assets/lib/font-awesome/webfonts/fa-regular-400d41d.eot]
[templatekit.jegtheme.com/shuttle/wp-content/plugins/elementor/assets/lib/font-awesome/webfonts/fa-regular-400.woff2]
[templatekit.jegtheme.com/shuttle/wp-content/plugins/elementor/assets/lib/font-awesome/webfonts/fa-regular-400.woff]
[templatekit.jegtheme.com/shuttle/wp-content/plugins/elementor/assets/lib/font-awesome/webfonts/fa-regular-400.ttf]
[templatekit.jegtheme.com/shuttle/wp-content/plugins/elementor/assets/lib/font-awesome/webfonts/fa-regular-400.svg]
[templatekit.jegtheme.com/shuttle/wp-content/plugins/elementor/assets/lib/font-awesome/webfonts/fa-solid-900.eot]
[templatekit.jegtheme.com/shuttle/wp-content/plugins/elementor/assets/lib/font-awesome/webfonts/fa-solid-900d41d.eot]
[templatekit.jegtheme.com/shuttle/wp-content/plugins/elementor/assets/lib/font-awesome/webfonts/fa-solid-900.woff2]
[templatekit.jegtheme.com/shuttle/wp-content/plugins/elementor/assets/lib/font-awesome/webfonts/fa-solid-900.woff]
[templatekit.jegtheme.com/shuttle/wp-content/plugins/elementor/assets/lib/font-awesome/webfonts/fa-solid-900.ttf]
[templatekit.jegtheme.com/shuttle/wp-content/plugins/elementor/assets/lib/font-awesome/css/all.min8864.css]
[templatekit.jegtheme.com/shuttle/wp-content/plugins/elementor/assets/lib/font-awesome/css/v4-shims.min8864.css]
[templatekit.jegtheme.com/shuttle/wp-content/plugins/metform/public/assets/css/text-editor9e95.css]
[templatekit.jegtheme.com/shuttle/wp-content/themes/hello-elementor/style.minc141.css]
[templatekit.jegtheme.com/shuttle/wp-content/themes/hello-elementor/theme.minc141.css]
[templatekit.jegtheme.com/shuttle/wp-content/plugins/elementor/assets/lib/font-awesome/webfonts/fa-solid-900.svg]
[templatekit.jegtheme.com/shuttle/wp-content/plugins/jeg-elementor-kit/assets/fonts/jkiticon/jkiticon7107.eot]
[templatekit.jegtheme.com/shuttle/wp-content/plugins/jeg-elementor-kit/assets/fonts/jkiticon/jkiticon7107.woff2]
[templatekit.jegtheme.com/shuttle/wp-content/plugins/jeg-elementor-kit/assets/fonts/jkiticon/jkiticon7107.woff]
[templatekit.jegtheme.com/shuttle/wp-content/plugins/jeg-elementor-kit/assets/fonts/jkiticon/jkiticon7107.ttf]
[templatekit.jegtheme.com/shuttle/wp-content/plugins/jeg-elementor-kit/assets/fonts/jkiticon/jkiticon61da.css]
[templatekit.jegtheme.com/shuttle/wp-content/plugins/elementor/assets/lib/font-awesome/css/fontawesome.min52d5.css]
[templatekit.jegtheme.com/shuttle/wp-content/plugins/elementor/assets/lib/font-awesome/css/solid.min52d5.css]
[templatekit.jegtheme.com/shuttle/xmlrpc0db0.html]
[templatekit.jegtheme.com/shuttle/wp-content/plugins/jeg-elementor-kit/assets/fonts/jkiticon/jkiticon7107.svg]
[templatekit.jegtheme.com/shuttle/wp-content/uploads/sites/300/elementor/css/post-2815120.css]
[templatekit.jegtheme.com/shuttle/wp-json/wp/v2/pages/281.json]
[templatekit.jegtheme.com/shuttle/wp-json/oembed/1.0/embed66e3.json]
[templatekit.jegtheme.com/shuttle/wp-json/oembed/1.0/embeda0d5]
[templatekit.jegtheme.com/shuttle/wp-content/uploads/sites/300/2022/06/signature-1024x283.png]
[templatekit.jegtheme.com/shuttle/wp-content/plugins/elementor/assets/css/widget-icon-box.min.css]
[templatekit.jegtheme.com/shuttle/wp-content/uploads/sites/300/2022/06/image-KUJWLLZ.jpg]
[templatekit.jegtheme.com/shuttle/wp-content/uploads/sites/300/2022/06/image-MN62AVX.jpg]
[templatekit.jegtheme.com/shuttle/wp-content/plugins/jeg-elementor-kit/assets/js/elements/team61da.js]
[templatekit.jegtheme.com/shuttle/about-us/index.html]
[templatekit.jegtheme.com/shuttle/wp-content/uploads/sites/300/elementor/css/post-31950ca.css]
[templatekit.jegtheme.com/shuttle/wp-json/wp/v2/pages/319.json]
[templatekit.jegtheme.com/shuttle/wp-json/oembed/1.0/embed25d9.json]
[templatekit.jegtheme.com/shuttle/wp-json/oembed/1.0/embede46e]
[templatekit.jegtheme.com/shuttle/wp-content/uploads/sites/300/2022/06/arrow-image-e1656898951660.png]
[templatekit.jegtheme.com/shuttle/wp-content/plugins/jeg-elementor-kit/assets/js/elements/accordion61da.js]
[templatekit.jegtheme.com/shuttle/services/index.html]
[templatekit.jegtheme.com/shuttle/wp-content/uploads/sites/300/elementor/css/post-32866c6.css]
[templatekit.jegtheme.com/shuttle/wp-json/wp/v2/pages/328.json]
[templatekit.jegtheme.com/shuttle/wp-json/oembed/1.0/embedf347.json]
[templatekit.jegtheme.com/shuttle/wp-json/oembed/1.0/embedd790]
[templatekit.jegtheme.com/shuttle/our-bus/index.html]
[templatekit.jegtheme.com/shuttle/wp-content/uploads/sites/300/elementor/css/post-330dff6.css]
[templatekit.jegtheme.com/shuttle/wp-json/wp/v2/pages/330.json]
[templatekit.jegtheme.com/shuttle/wp-json/oembed/1.0/embed0a08.json]
[templatekit.jegtheme.com/shuttle/wp-json/oembed/1.0/embedc6aa]
[templatekit.jegtheme.com/shuttle/wp-content/uploads/sites/300/elementor/css/post-434dff6.css]
[templatekit.jegtheme.com/shuttle/bus-detail/index.html]
[templatekit.jegtheme.com/shuttle/wp-content/uploads/sites/300/elementor/css/post-33226d0.css]
[templatekit.jegtheme.com/shuttle/wp-json/wp/v2/pages/332.json]
[templatekit.jegtheme.com/shuttle/wp-json/oembed/1.0/embedb9ca.json]
[templatekit.jegtheme.com/shuttle/wp-json/oembed/1.0/embed9475]
[templatekit.jegtheme.com/shuttle/wp-content/uploads/sites/300/2022/06/image-3G5ZZ53.jpg]
[templatekit.jegtheme.com/shuttle/wp-content/uploads/sites/300/2022/06/image-P28N87D.jpg]
[templatekit.jegtheme.com/shuttle/team/index.html]
[templatekit.jegtheme.com/shuttle/wp-content/uploads/sites/300/2022/06/image-AQP2YBU.jpg]
[templatekit.jegtheme.com/shuttle/wp-content/uploads/sites/300/elementor/css/post-334f4d3.css]
[templatekit.jegtheme.com/shuttle/wp-json/wp/v2/pages/334.json]
[templatekit.jegtheme.com/shuttle/wp-json/oembed/1.0/embed1fa3.json]
[templatekit.jegtheme.com/shuttle/wp-json/oembed/1.0/embedc217]
[templatekit.jegtheme.com/shuttle/faq/index.html]
[templatekit.jegtheme.com/shuttle/wp-content/uploads/sites/300/elementor/css/post-3358930.css]
[templatekit.jegtheme.com/shuttle/wp-json/wp/v2/pages/335.json]
[templatekit.jegtheme.com/shuttle/wp-json/oembed/1.0/embed38f4.json]
[templatekit.jegtheme.com/shuttle/wp-json/oembed/1.0/embed9cf3]
[templatekit.jegtheme.com/shuttle/404-page/index.html]
[templatekit.jegtheme.com/shuttle/wp-content/uploads/sites/300/elementor/css/post-336cd50.css]
[templatekit.jegtheme.com/shuttle/wp-json/wp/v2/pages/336.json]
[templatekit.jegtheme.com/shuttle/wp-json/oembed/1.0/embed00ab.json]
[templatekit.jegtheme.com/shuttle/wp-json/oembed/1.0/embed46a7]
[templatekit.jegtheme.com/shuttle/wp-content/uploads/sites/300/2022/06/travel-tour-bus-see-the-world-.jpg]
[templatekit.jegtheme.com/shuttle/2022/06/23/new-bus-type-etiquette-101/index.html]
[templatekit.jegtheme.com/shuttle/wp-content/uploads/sites/300/2022/06/aerial-view-of-passenger-bus-on-road-through-countryside.jpg]
[templatekit.jegtheme.com/shuttle/blog/index.html]
[templatekit.jegtheme.com/shuttle/wp-content/uploads/sites/300/2022/06/people-traveling-with-the-bus-.jpg]
[templatekit.jegtheme.com/shuttle/2022/06/23/3-trips-are-perfect-for-rent-a-bus/index.html]
[templatekit.jegtheme.com/shuttle/2022/06/23/10-reasons-to-book-a-bus/index.html]
[templatekit.jegtheme.com/shuttle/wp-content/uploads/sites/300/elementor/css/post-94bc88.css]
[templatekit.jegtheme.com/shuttle/2022/06/23/your-guide-to-rent-a-bus/feed/index.html]
[templatekit.jegtheme.com/shuttle/wp-json/wp/v2/posts/94.json]
[templatekit.jegtheme.com/shuttle/wp-json/oembed/1.0/embed3915.json]
[templatekit.jegtheme.com/shuttle/wp-json/oembed/1.0/embed3a63]
[templatekit.jegtheme.com/shuttle/wp-content/uploads/sites/300/2022/06/multicultural-friends-with-travels-bags-posing-near-travel-bus-at-street-e1656574155832.jpg]
[templatekit.jegtheme.com/shuttle/wp-content/uploads/sites/300/2022/06/selective-focus-of-smiling-asian-woman-taking-selfie-with-multicultural-friends-in-travel-bus.jpg]
[templatekit.jegtheme.com/shuttle/wp-content/uploads/sites/300/2022/06/selective-focus-of-smiling-asian-woman-taking-selfie-with-multicultural-friends-in-travel-bus-e1656574139765.jpg]
[templatekit.jegtheme.com/shuttle/wp-content/plugins/jeg-elementor-kit/assets/js/goodshare/goodshare.minb5e1.js]
[templatekit.jegtheme.com/shuttle/wp-includes/js/comment-reply.minaec2.js]
[templatekit.jegtheme.com/shuttle/2022/06/23/your-guide-to-rent-a-bus/index.html]
[templatekit.jegtheme.com/shuttle/wp-content/uploads/sites/300/elementor/css/post-3376282.css]
[templatekit.jegtheme.com/shuttle/wp-json/wp/v2/pages/337.json]
[templatekit.jegtheme.com/shuttle/wp-json/oembed/1.0/embed10c5.json]
[templatekit.jegtheme.com/shuttle/wp-json/oembed/1.0/embed9a9a]
[templatekit.jegtheme.com/shuttle/wp-content/uploads/sites/300/elementor/css/post-5336282.css]
[templatekit.jegtheme.com/shuttle/contact-us/index.html]
[templatekit.jegtheme.com/shuttle/wp-content/plugins/elementor/assets/css/widget-icon-list.min.css]
[templatekit.jegtheme.com/shuttle/wp-content/uploads/sites/300/elementor/css/post-958a65.css]
[templatekit.jegtheme.com/shuttle/2022/06/23/calculate-the-cost-of-rent-a-bus/feed/index.html]
[templatekit.jegtheme.com/shuttle/wp-json/wp/v2/posts/95.json]
[templatekit.jegtheme.com/shuttle/wp-json/oembed/1.0/embed8e7e.json]
[templatekit.jegtheme.com/shuttle/wp-json/oembed/1.0/embed3e5a]
[templatekit.jegtheme.com/shuttle/2022/06/23/calculate-the-cost-of-rent-a-bus/index.html]
[templatekit.jegtheme.com/shuttle/wp-json/wp/v2/categories/5.json]
[templatekit.jegtheme.com/shuttle/category/tips-trick/feed/index.html]
[templatekit.jegtheme.com/shuttle/wp-content/uploads/sites/300/2022/06/portrait-of-smiling-bus-driver-1024x682.jpg]
[templatekit.jegtheme.com/shuttle/category/tips-trick/index.html]
[templatekit.jegtheme.com/shuttle/wp-content/uploads/sites/300/2022/06/aerial-view-of-passenger-bus-on-road-through-countryside-1024x682.jpg]
[templatekit.jegtheme.com/shuttle/wp-content/uploads/sites/300/elementor/css/post-96bd63.css]
[templatekit.jegtheme.com/shuttle/2022/06/23/new-bus-type-volvo-403/feed/index.html]
[templatekit.jegtheme.com/shuttle/wp-json/wp/v2/posts/96.json]
[templatekit.jegtheme.com/shuttle/wp-json/oembed/1.0/embed572b.json]
[templatekit.jegtheme.com/shuttle/wp-json/oembed/1.0/embed7b78]
[templatekit.jegtheme.com/shuttle/2022/06/23/new-bus-type-volvo-403/index.html]
[templatekit.jegtheme.com/shuttle/wp-json/wp/v2/categories/7.json]
[templatekit.jegtheme.com/shuttle/category/buses/feed/index.html]
[templatekit.jegtheme.com/shuttle/category/buses/index.html]
[templatekit.jegtheme.com/shuttle/wp-content/uploads/sites/300/2022/06/london-s-red-buses-in-station-bus-of-the-public-transport-1024x646.jpg]
[templatekit.jegtheme.com/shuttle/wp-content/uploads/sites/300/2022/06/travel-tour-bus-see-the-world--1024x649.jpg]
[templatekit.jegtheme.com/shuttle/wp-json/wp/v2/categories/6.json]
[templatekit.jegtheme.com/shuttle/category/insight/feed/index.html]
[templatekit.jegtheme.com/shuttle/wp-content/uploads/sites/300/2022/06/happy-girl-passenger-holding-smartphone-under-tablet-of-young-female-bus-conductor-1024x682.jpg]
[templatekit.jegtheme.com/shuttle/category/insight/index.html]
[templatekit.jegtheme.com/shuttle/wp-content/plugins/jeg-elementor-kit/lib/jeg-framework/assets/css/jeg-dynamic-styles6f3e.css]
[templatekit.jegtheme.com/shuttle/wp-content/uploads/sites/300/elementor/css/post-2450ca.css]
[templatekit.jegtheme.com/shuttle/wp-content/plugins/jeg-elementor-kit/assets/js/sweetalert2/sweetalert2.min430c.css]
[templatekit.jegtheme.com/shuttle/wp-content/uploads/sites/300/elementor/css/post-749d01.css]
[templatekit.jegtheme.com/shuttle/wp-content/plugins/metform/public/assets/css/flatpickr.min9e95.css]
[templatekit.jegtheme.com/shuttle/wp-content/plugins/metform/public/assets/css/metform-ui9e95.css]
[templatekit.jegtheme.com/shuttle/wp-content/plugins/metform/public/assets/css/style9e95.css]
[templatekit.jegtheme.com/shuttle/wp-content/plugins/jeg-elementor-kit/assets/js/tiny-slider/tiny-sliderf342.css]
[templatekit.jegtheme.com/shuttle/wp-content/uploads/sites/300/elementor/css/post-2650ca.css]
[templatekit.jegtheme.com/shuttle/wp-content/plugins/elementor/assets/lib/font-awesome/css/brands.min52d5.css]
[templatekit.jegtheme.com/shuttle/wp-content/plugins/elementor/assets/lib/animations/animations.min8864.css]
[templatekit.jegtheme.com/shuttle/indexe2f2.html]
[templatekit.jegtheme.com/shuttle/wp-content/plugins/jeg-elementor-kit/assets/img/letter-x.svg]
[templatekit.jegtheme.com/shuttle/wp-content/plugins/elementor/assets/lib/eicons/fonts/eicons9506.svg]
[templatekit.jegtheme.com/shuttle/wp-content/plugins/elementor/assets/lib/font-awesome/webfonts/fa-brands-400.svg]
[templatekit.jegtheme.com/shuttle/wp-content/plugins/elementor/assets/lib/font-awesome/webfonts/fa-regular-400.svg]
[templatekit.jegtheme.com/shuttle/wp-content/plugins/elementor/assets/lib/font-awesome/webfonts/fa-solid-900.svg]
[templatekit.jegtheme.com/shuttle/wp-content/plugins/jeg-elementor-kit/assets/fonts/jkiticon/jkiticon7107.svg]
[templatekit.jegtheme.com/shuttle/wp-content/uploads/sites/300/2022/06/people-traveling-with-the-bus--1024x682.jpg]
[templatekit.jegtheme.com/shuttle/wp-content/uploads/sites/300/elementor/css/post-2815120.css]
[templatekit.jegtheme.com/shuttle/index73fa.html]
[templatekit.jegtheme.com/shuttle/wp-content/plugins/elementor/assets/css/widget-icon-box.min.css]
[templatekit.jegtheme.com/shuttle/wp-content/uploads/sites/300/2022/06/contemporary-senior-passenger-with-suitcase-entering-bus-e1656575518594.jpg]
[templatekit.jegtheme.com/shuttle/wp-content/uploads/sites/300/2022/06/bus-trip-passengers-on-a-bus-with-sun-shining-through-window-e1656575538383.jpg]
[templatekit.jegtheme.com/shuttle/wp-content/uploads/sites/300/elementor/css/post-31950ca.css]
[templatekit.jegtheme.com/shuttle/index63fb.html]
[templatekit.jegtheme.com/shuttle/wp-content/uploads/sites/300/2022/06/young-pretty-female-with-backpack-standing-against-bus-e1656302979102.jpg]
[templatekit.jegtheme.com/shuttle/wp-content/uploads/sites/300/elementor/css/post-32866c6.css]
[templatekit.jegtheme.com/shuttle/indexc518.html]
[templatekit.jegtheme.com/shuttle/wp-content/uploads/sites/300/2022/06/bus-driver-pointing-at-wrist-watch--e1656574232896.jpg]
[templatekit.jegtheme.com/shuttle/wp-content/uploads/sites/300/2022/06/entrance-of-an-intercity-regular-bus.jpg]
[templatekit.jegtheme.com/shuttle/wp-content/uploads/sites/300/elementor/css/post-330dff6.css]
[templatekit.jegtheme.com/shuttle/index1639.html]
[templatekit.jegtheme.com/shuttle/wp-content/uploads/sites/300/elementor/css/post-434dff6.css]
[templatekit.jegtheme.com/shuttle/wp-content/uploads/sites/300/2022/06/traveling-by-bus-1-e1656575560574.jpg]
[templatekit.jegtheme.com/shuttle/wp-content/uploads/sites/300/elementor/css/post-33226d0.css]
[templatekit.jegtheme.com/shuttle/index221f.html]
[templatekit.jegtheme.com/shuttle/wp-content/uploads/sites/300/2022/06/bus-driver-from-behind.jpg]
[templatekit.jegtheme.com/shuttle/wp-content/uploads/sites/300/elementor/css/post-334f4d3.css]
[templatekit.jegtheme.com/shuttle/indexd06c.html]
[templatekit.jegtheme.com/shuttle/wp-content/uploads/sites/300/2022/06/image-of-bus-interior-without-passengers-.jpg]
[templatekit.jegtheme.com/shuttle/wp-content/uploads/sites/300/elementor/css/post-3358930.css]
[templatekit.jegtheme.com/shuttle/index5294.html]
[templatekit.jegtheme.com/shuttle/wp-content/uploads/sites/300/2022/06/rear-view-of-passengers-on-the-bus-e1656574210538.jpg]
[templatekit.jegtheme.com/shuttle/wp-content/uploads/sites/300/elementor/css/post-336cd50.css]
[templatekit.jegtheme.com/shuttle/index71fc.html]
[templatekit.jegtheme.com/shuttle/wp-content/uploads/sites/300/2022/06/mechanic-fixing-bus-tire-in-workshop.jpg]
[templatekit.jegtheme.com/shuttle/wp-content/uploads/sites/300/elementor/css/post-93dd76.css]
[templatekit.jegtheme.com/shuttle/2022/06/23/new-bus-type-etiquette-101/feed/index.html]
[templatekit.jegtheme.com/shuttle/wp-json/wp/v2/posts/93.json]
[templatekit.jegtheme.com/shuttle/wp-json/oembed/1.0/embedc7ed.json]
[templatekit.jegtheme.com/shuttle/wp-json/oembed/1.0/embed3997]
[templatekit.jegtheme.com/shuttle/2022/06/23/new-bus-type-etiquette-101/index.html]
[templatekit.jegtheme.com/shuttle/wp-content/uploads/sites/300/elementor/css/post-9273f7.css]
[templatekit.jegtheme.com/shuttle/2022/06/23/3-trips-are-perfect-for-rent-a-bus/feed/index.html]
[templatekit.jegtheme.com/shuttle/wp-json/wp/v2/posts/92.json]
[templatekit.jegtheme.com/shuttle/wp-json/oembed/1.0/embedc366.json]
[templatekit.jegtheme.com/shuttle/wp-json/oembed/1.0/embeda9f3]
[templatekit.jegtheme.com/shuttle/2022/06/23/3-trips-are-perfect-for-rent-a-bus/index.html]
[templatekit.jegtheme.com/shuttle/wp-content/uploads/sites/300/elementor/css/post-894ff8.css]
[templatekit.jegtheme.com/shuttle/2022/06/23/10-reasons-to-book-a-bus/feed/index.html]
[templatekit.jegtheme.com/shuttle/wp-json/wp/v2/posts/89.json]
[templatekit.jegtheme.com/shuttle/wp-json/oembed/1.0/embed2569.json]
[templatekit.jegtheme.com/shuttle/wp-json/oembed/1.0/embed987a]
[templatekit.jegtheme.com/shuttle/2022/06/23/10-reasons-to-book-a-bus/index.html]
[templatekit.jegtheme.com/shuttle/wp-content/uploads/sites/300/elementor/css/post-94bc88.css]
[templatekit.jegtheme.com/shuttle/index65d2.html]
[templatekit.jegtheme.com/shuttle/wp-content/uploads/sites/300/elementor/css/post-3376282.css]
[templatekit.jegtheme.com/shuttle/indexf6a9.html]
[templatekit.jegtheme.com/shuttle/wp-content/uploads/sites/300/elementor/css/post-5336282.css]
[templatekit.jegtheme.com/shuttle/wp-content/uploads/sites/300/elementor/css/post-958a65.css]
[templatekit.jegtheme.com/shuttle/index5eda.html]
[templatekit.jegtheme.com/shuttle/wp-content/uploads/sites/300/elementor/css/post-96bd63.css]
[templatekit.jegtheme.com/shuttle/index6f72.html]
[templatekit.jegtheme.com/shuttle/wp-content/uploads/sites/300/elementor/css/post-93dd76.css]
[templatekit.jegtheme.com/shuttle/index36d4.html]
[templatekit.jegtheme.com/shuttle/wp-content/uploads/sites/300/elementor/css/post-9273f7.css]
[templatekit.jegtheme.com/shuttle/index8e15.html]
[templatekit.jegtheme.com/shuttle/wp-content/uploads/sites/300/elementor/css/post-894ff8.css]
[templatekit.jegtheme.com/shuttle/index3fbb.html]
[templatekit.jegtheme.com/shuttle/wp-content/uploads/sites/300/2022/06/public-transportation-coach-bus-passenger-e1656574186152.jpg]
[templatekit.jegtheme.com/shuttle/wp-content/uploads/sites/300/2022/06/men-waving-to-someone-leaving-in-a-bus-goodbye-gesture-e1656574116340.jpg]
